=========================================
               VMC RUN LOG               
=========================================
Date and time    : 2026-03-24 20:27:10
-----------------------------------------
Hamiltonian      : RepulsiveHO
WaveFunction     : RepEllipticGaussian
Solver           : MetropolisHastings
-----------------------------------------
dimensions (D)   : 3
particles (N)    : 3
omega            : 1
omega_z          : 1
rep_a_factor     : 0.33
time Step        : 0.05
Equilibr. Steps  : 100000
BFGS MC Steps    : 100000
Final MC Steps   : 2^20
1bodyDens. Steps : 5000000
1bodyDens. rMax  : 3.5
1bodyDens. nBins : 50
BFGS_tol         : 0.0001
Seed             : 0
=========================================

One-body density done (in 43.567 s).

=========================================
