=========================================
               VMC RUN LOG               
=========================================
Date and time    : 2026-03-24 20:24:29
-----------------------------------------
Hamiltonian      : RepulsiveHO
WaveFunction     : RepEllipticGaussian
Solver           : MetropolisHastings
-----------------------------------------
dimensions (D)   : 3
particles (N)    : 3
omega            : 1
omega_z          : 1
rep_a_factor     : 0.33
time Step        : 0.05
Equilibr. Steps  : 100000
BFGS MC Steps    : 100000
Final MC Steps   : 2^20
1bodyDens. Steps : 5000000
1bodyDens. rMax  : 3.5
1bodyDens. nBins : 50
BFGS_tol         : 0.0001
Seed             : 0
=========================================

Optimal parameters: 0.463961557, 	0.991759226, 	
VMC Optimization done (in 80.475809 s).

FinalMC energy: 5.306586373e+00 +- 2.934074326e-04
FinalMC done (in 18.8039433 s).

Blocking energy: 5.306586374e+00 +- 1.265675041e-03
Blocking analysis done (in 0.149716468 s).

One-body density done (in 44.4373992 s).

=========================================
