=========================================
               VMC RUN LOG               
=========================================
Date and time    : 2026-03-23 18:36:38
-----------------------------------------
Hamiltonian      : RepulsiveHO
WaveFunction     : RepEllipticGaussian
Solver           : MetropolisHastings
-----------------------------------------
dimensions (D)   : 3
particles (N)    : 3
omega            : 1
omega_z          : 1
repulsive_a      : 0.33
time Step        : 0.05
Metropolis Steps : 100000
Equilibr. Steps  : 100000
Seed             : 0
=========================================

Optimal parameters: 0.35479634, 	1.79349462, 	
VMC Optimization done (in 59.8043122 s).

FinalMC energy: 5.527610694e+00 +- 6.820668903e-04
FinalMC done (in 19.9898244 s).

Blocking energy: 5.527610689e+00 +- 5.477353776e-03
Blocking analysis done (in 0.175076185 s).

One-body density done (in 51.3085131 s).

=========================================
